
> treinox@0.0.1 typecheck
> tsc --noEmit

